// Vitest Snapshot v1, https://vitest.dev/guide/snapshot.html

exports[`admin ui primitives > keeps the switch track separate from its label and exposes switch semantics 1`] = `"<div class="ui-switch-wrapper"><button class="ui-switch" type="button" role="switch" aria-checked="false" aria-label="Local account enabled"><span class="ui-switch__track" aria-hidden="true"><span class="ui-switch__thumb"></span></span></button><span class="ui-switch__label">Local account enabled</span></div>"`;
